// Jest Snapshot v1, https://jestjs.io/docs/snapshot-testing

exports[`@flipshop/flipshop Sockets Exporting to Featurescript we can dump the SocketWrench data as a Featurescript text blob for subsampled SocketWrench data 1`] = `
"FeatureScript 2909;
import(path : "onshape/std/common.fs", version : "2909.0");

const mm = millimeter;

const SocketWrenches = {
  "socket_exthex": {
    "exthex": {
      "us": {
        "isq_0250in": {
          "std": {
            "reg": {
              "5/32in": { "title": "1/4in Drive 6 Point Standard SAE Socket 5/32in", "socket_kind": "socket_exthex", "drive_kind": "exthex", "unit_system": "us", "sqdrive_size": "isq_0250in", "socket_variant": "std", "reach_kind": "reg", "sizing": "5/32in", "sizing_mm": 3.9688 * mm, "sizing_in": 0.15625196850393702 * inch, "ln_overall": 24.511 * mm, "wx_overall": 11.811 * mm, "wy_overall": 11.811 * mm, "wrench_end_diam": 6.9088 * mm, "drive_end_diam": 11.811 * mm, "shoulder_ln": 11.5062 * mm, "wrench_dp": 7.493 * mm, "bolt_clr_diam": 3.4036 * mm, "wt": 0.009, "wt_lb": 0.02, "sku": "80104D", "upc": "099575801044", "url": "https://www.gearwrench.com/all-tools/ratchets-sockets/chrome-sockets/80104d-14-drive-6-point-standard-sae-socket-532", "img_url": "https://www.gearwrench.com/sites/gearwrench/files/styles/large/public/pim_images/GW_80104D_IMG-MAIN.jpg" },
              "3/16in": { "title": "1/4in Drive 6 Point Standard SAE Socket 3/16in", "socket_kind": "socket_exthex", "drive_kind": "exthex", "unit_system": "us", "sqdrive_size": "isq_0250in", "socket_variant": "std", "reach_kind": "reg", "sizing": "3/16in", "sizing_mm": 4.7625 * mm, "sizing_in": 0.18750000000000003 * inch, "ln_overall": 24.511 * mm, "wx_overall": 11.811 * mm, "wy_overall": 11.811 * mm, "wrench_end_diam": 7.7978 * mm, "drive_end_diam": 11.811 * mm, "shoulder_ln": 11.5062 * mm, "wrench_dp": 8.001 * mm, "bolt_clr_diam": 3.9878 * mm, "wt": 0.009, "wt_lb": 0.02, "sku": "80105", "upc": "099575801051", "url": "https://www.gearwrench.com/all-tools/ratchets-sockets/chrome-sockets/80105-14-drive-6-point-standard-sae-socket-316", "img_url": "https://www.gearwrench.com/sites/gearwrench/files/styles/large/public/pim_images/GW_80105_IMG-MAIN.jpg" },
              "7/32in": { "title": "1/4in Drive 6 Point Standard SAE Socket 7/32in", "socket_kind": "socket_exthex", "drive_kind": "exthex", "unit_system": "us", "sqdrive_size": "isq_0250in", "socket_variant": "std", "reach_kind": "reg", "sizing": "7/32in", "sizing_mm": 5.5562 * mm, "sizing_in": 0.21874803149606298 * inch, "ln_overall": 24.511 * mm, "wx_overall": 11.811 * mm, "wy_overall": 11.811 * mm, "wrench_end_diam": 8.509 * mm, "drive_end_diam": 11.811 * mm, "shoulder_ln": 11.5062 * mm, "wrench_dp": 8.001 * mm, "bolt_clr_diam": 3.9878 * mm, "wt": 0.009, "wt_lb": 0.02, "sku": "80106", "upc": "099575810060", "url": "https://www.gearwrench.com/all-tools/ratchets-sockets/chrome-sockets/80106-14-drive-6-point-standard-sae-socket-732", "img_url": "https://www.gearwrench.com/sites/gearwrench/files/styles/large/public/pim_images/GW_80106_IMG-MAIN.jpg" },
              "1/4in": { "title": "1/4in Drive 6 Point Standard SAE Socket 1/4in", "socket_kind": "socket_exthex", "drive_kind": "exthex", "unit_system": "us", "sqdrive_size": "isq_0250in", "socket_variant": "std", "reach_kind": "reg", "sizing": "1/4in", "sizing_mm": 6.35 * mm, "sizing_in": 0.25 * inch, "ln_overall": 24.511 * mm, "wx_overall": 11.811 * mm, "wy_overall": 11.811 * mm, "wrench_end_diam": 9.4996 * mm, "drive_end_diam": 11.811 * mm, "shoulder_ln": 11.5062 * mm, "wrench_dp": 8.9916 * mm, "bolt_clr_diam": 3.9878 * mm, "wt": 0.009, "wt_lb": 0.02, "sku": "80107", "upc": "099575801075", "url": "https://www.gearwrench.com/all-tools/ratchets-sockets/chrome-sockets/80107-14-drive-6-point-standard-sae-socket-14", "img_url": "https://www.gearwrench.com/sites/gearwrench/files/styles/large/public/pim_images/GW_80107_IMG-MAIN.jpg" },
              "9/32in": { "title": "1/4in Drive 6 Point Standard SAE Socket 9/32in", "socket_kind": "socket_exthex", "drive_kind": "exthex", "unit_system": "us", "sqdrive_size": "isq_0250in", "socket_variant": "std", "reach_kind": "reg", "sizing": "9/32in", "sizing_mm": 7.1438 * mm, "sizing_in": 0.281251968503937 * inch, "ln_overall": 24.511 * mm, "wx_overall": 11.811 * mm, "wy_overall": 11.811 * mm, "wrench_end_diam": 10.6934 * mm, "drive_end_diam": 11.811 * mm, "shoulder_ln": 11.5062 * mm, "wrench_dp": 10.0076 * mm, "bolt_clr_diam": 5.588 * mm, "wt": 0.009, "wt_lb": 0.02, "sku": "80108", "upc": "099575801082", "url": "https://www.gearwrench.com/all-tools/ratchets-sockets/chrome-sockets/80108-14-drive-6-point-standard-sae-socket-932", "img_url": "https://www.gearwrench.com/sites/gearwrench/files/styles/large/public/pim_images/GW_80108_IMG-MAIN.jpg" },
              "5/16in": { "title": "1/4in Drive 6 Point Standard SAE Socket 5/16in", "socket_kind": "socket_exthex", "drive_kind": "exthex", "unit_system": "us", "sqdrive_size": "isq_0250in", "socket_variant": "std", "reach_kind": "reg", "sizing": "5/16in", "sizing_mm": 7.9375 * mm, "sizing_in": 0.3125 * inch, "ln_overall": 24.511 * mm, "wx_overall": 11.811 * mm, "wy_overall": 11.811 * mm, "wrench_end_diam": 11.5062 * mm, "drive_end_diam": 11.811 * mm, "shoulder_ln": 11.5062 * mm, "wrench_dp": 10.4902 * mm, "bolt_clr_diam": 5.588 * mm, "wt": 0.009, "wt_lb": 0.02, "sku": "80109", "upc": "099575801099", "url": "https://www.gearwrench.com/all-tools/ratchets-sockets/chrome-sockets/80109-14-drive-6-point-standard-sae-socket-516", "img_url": "https://www.gearwrench.com/sites/gearwrench/files/styles/large/public/pim_images/GW_80109_IMG-MAIN.jpg" },
              "11/32in": { "title": "1/4in Drive 6 Point Standard SAE Socket 11/32in", "socket_kind": "socket_exthex", "drive_kind": "exthex", "unit_system": "us", "sqdrive_size": "isq_0250in", "socket_variant": "std", "reach_kind": "reg", "sizing": "11/32in", "sizing_mm": 8.7313 * mm, "sizing_in": 0.343751968503937 * inch, "ln_overall": 24.511 * mm, "wx_overall": 12.4968 * mm, "wy_overall": 12.4968 * mm, "wrench_end_diam": 12.4968 * mm, "drive_end_diam": 12.4968 * mm, "shoulder_ln": 11.5062 * mm, "wrench_dp": 10.4902 * mm, "bolt_clr_diam": 5.588 * mm, "wt": 0.018, "wt_lb": 0.04, "sku": "80110", "upc": "099575801105", "url": "https://www.gearwrench.com/all-tools/ratchets-sockets/chrome-sockets/80110-14-drive-6-point-standard-sae-socket-1132", "img_url": "https://www.gearwrench.com/sites/gearwrench/files/styles/large/public/pim_images/GW_80110_IMG-MAIN.jpg" },
              "3/8in": { "title": "1/4in Drive 6 Point Standard SAE Socket 3/8in", "socket_kind": "socket_exthex", "drive_kind": "exthex", "unit_system": "us", "sqdrive_size": "isq_0250in", "socket_variant": "std", "reach_kind": "reg", "sizing": "3/8in", "sizing_mm": 9.525 * mm, "sizing_in": 0.37500000000000006 * inch, "ln_overall": 24.511 * mm, "wx_overall": 13.7922 * mm, "wy_overall": 13.7922 * mm, "wrench_end_diam": 13.7922 * mm, "drive_end_diam": 13.7922 * mm, "shoulder_ln": 11.5062 * mm, "wrench_dp": 12.4968 * mm, "bolt_clr_diam": 5.588 * mm, "wt": 0.009, "wt_lb": 0.02, "sku": "80111", "upc": "099575801112", "url": "https://www.gearwrench.com/all-tools/ratchets-sockets/chrome-sockets/80111-14-drive-6-point-standard-sae-socket-38", "img_url": "https://www.gearwrench.com/sites/gearwrench/files/styles/large/public/pim_images/GW_80111_IMG-MAIN.jpg" },
              "7/16in": { "title": "1/4in Drive 6 Point Standard SAE Socket 7/16in", "socket_kind": "socket_exthex", "drive_kind": "exthex", "unit_system": "us", "sqdrive_size": "isq_0250in", "socket_variant": "std", "reach_kind": "reg", "sizing": "7/16in", "sizing_mm": 11.1125 * mm, "sizing_in": 0.43750000000000006 * inch, "ln_overall": 24.511 * mm, "wx_overall": 15.6972 * mm, "wy_overall": 15.6972 * mm, "wrench_end_diam": 15.6972 * mm, "drive_end_diam": 15.6972 * mm, "shoulder_ln": 11.5062 * mm, "wrench_dp": 12.4968 * mm, "bolt_clr_diam": 5.588 * mm, "wt": 0.014, "wt_lb": 0.03, "sku": "80112", "upc": "099575801129", "url": "https://www.gearwrench.com/all-tools/ratchets-sockets/chrome-sockets/80112-14-drive-6-point-standard-sae-socket-716", "img_url": "https://www.gearwrench.com/sites/gearwrench/files/styles/large/public/pim_images/GW_80112_IMG-MAIN.jpg" },
              "1/2in": { "title": "1/4in Drive 6 Point Standard SAE Socket 1/2in", "socket_kind": "socket_exthex", "drive_kind": "exthex", "unit_system": "us", "sqdrive_size": "isq_0250in", "socket_variant": "std", "reach_kind": "reg", "sizing": "1/2in", "sizing_mm": 12.7 * mm, "sizing_in": 0.5 * inch, "ln_overall": 24.511 * mm, "wx_overall": 17.2974 * mm, "wy_overall": 17.2974 * mm, "wrench_end_diam": 17.2974 * mm, "drive_end_diam": 17.2974 * mm, "shoulder_ln": 11.5062 * mm, "wrench_dp": 12.4968 * mm, "bolt_clr_diam": 5.588 * mm, "wt": 0.014, "wt_lb": 0.03, "sku": "80113D", "upc": "099575801136", "url": "https://www.gearwrench.com/all-tools/ratchets-sockets/chrome-sockets/80113d-14-drive-6-point-standard-sae-socket-12", "img_url": "https://www.gearwrench.com/sites/gearwrench/files/styles/large/public/pim_images/GW_80113D_IMG-MAIN.jpg" },
              "9/16in": { "title": "1/4in Drive 6 Point Standard SAE Socket 9/16in", "socket_kind": "socket_exthex", "drive_kind": "exthex", "unit_system": "us", "sqdrive_size": "isq_0250in", "socket_variant": "std", "reach_kind": "reg", "sizing": "9/16in", "sizing_mm": 14.2875 * mm, "sizing_in": 0.5625 * inch, "ln_overall": 24.511 * mm, "wx_overall": 19.5072 * mm, "wy_overall": 19.5072 * mm, "wrench_end_diam": 19.5072 * mm, "drive_end_diam": 19.5072 * mm, "shoulder_ln": 11.5062 * mm, "wrench_dp": 14.5034 * mm, "bolt_clr_diam": 5.588 * mm, "wt": 0.018, "wt_lb": 0.04, "sku": "80114D", "upc": "099575801143", "url": "https://www.gearwrench.com/all-tools/ratchets-sockets/chrome-sockets/80114d-14-drive-6-point-standard-sae-socket-916", "img_url": "https://www.gearwrench.com/sites/gearwrench/files/styles/large/public/pim_images/GW_80114D_IMG-MAIN.jpg" }
            }
          }
        }
      },
      "metric": {
        "isq_0375in": {
          "impact": {
            "deep": {
              "8mm": { "title": "3/8in Drive 6 Point Deep Impact Metric Socket 8mm", "socket_kind": "socket_exthex", "drive_kind": "exthex", "unit_system": "metric", "sqdrive_size": "isq_0375in", "socket_variant": "impact", "reach_kind": "deep", "sizing": "8mm", "sizing_mm": 8 * mm, "sizing_in": 0.31496062992125984 * inch, "ln_overall": 62.0014 * mm, "wx_overall": 17.8054 * mm, "wy_overall": 17.8054 * mm, "wrench_end_diam": 13.589 * mm, "drive_end_diam": 17.8054 * mm, "shoulder_ln": 29.9974 * mm, "wrench_dp": 11.9888 * mm, "bolt_clr_diam": 7.0104 * mm, "wt": 0.064, "wt_lb": 0.14, "sku": "84331N", "upc": "099575000430", "url": "https://www.gearwrench.com/all-tools/ratchets-sockets/impact-products/84331n-38-drive-6-point-deep-impact-metric-socket-8mm", "img_url": "https://www.gearwrench.com/sites/gearwrench/files/styles/large/public/pim_images/GW_84331N_IMG-MAIN.jpg" },
              "9mm": { "title": "3/8in Drive 6 Point Deep Impact Metric Socket 9mm", "socket_kind": "socket_exthex", "drive_kind": "exthex", "unit_system": "metric", "sqdrive_size": "isq_0375in", "socket_variant": "impact", "reach_kind": "deep", "sizing": "9mm", "sizing_mm": 9 * mm, "sizing_in": 0.35433070866141736 * inch, "ln_overall": 62.992 * mm, "wx_overall": 17.8054 * mm, "wy_overall": 17.8054 * mm, "wrench_end_diam": 14.605 * mm, "drive_end_diam": 17.8054 * mm, "shoulder_ln": 29.9974 * mm, "wrench_dp": 11.9888 * mm, "bolt_clr_diam": 8.509 * mm, "wt": 0.064, "wt_lb": 0.14, "sku": "84332N", "upc": "099575000447", "url": "https://www.gearwrench.com/all-tools/ratchets-sockets/impact-products/84332n-38-drive-6-point-deep-impact-metric-socket-9mm", "img_url": "https://www.gearwrench.com/sites/gearwrench/files/styles/large/public/pim_images/GW_84332N_IMG-MAIN.jpg" },
              "10mm": { "title": "3/8in Drive 6 Point Deep Impact Metric Socket 10mm", "socket_kind": "socket_exthex", "drive_kind": "exthex", "unit_system": "metric", "sqdrive_size": "isq_0375in", "socket_variant": "impact", "reach_kind": "deep", "sizing": "10mm", "sizing_mm": 10 * mm, "sizing_in": 0.3937007874015748 * inch, "ln_overall": 62.992 * mm, "wx_overall": 17.8054 * mm, "wy_overall": 17.8054 * mm, "wrench_end_diam": 15.9004 * mm, "drive_end_diam": 17.8054 * mm, "shoulder_ln": 29.9974 * mm, "wrench_dp": 18.9992 * mm, "bolt_clr_diam": 8.509 * mm, "wt": 0.068, "wt_lb": 0.15, "sku": "84333N", "upc": "099575000454", "url": "https://www.gearwrench.com/all-tools/ratchets-sockets/impact-products/84333n-38-drive-6-point-deep-impact-metric-socket-10mm", "img_url": "https://www.gearwrench.com/sites/gearwrench/files/styles/large/public/pim_images/GW_84333N_IMG-MAIN.jpg" },
              "11mm": { "title": "3/8in Drive 6 Point Deep Impact Metric Socket 11mm", "socket_kind": "socket_exthex", "drive_kind": "exthex", "unit_system": "metric", "sqdrive_size": "isq_0375in", "socket_variant": "impact", "reach_kind": "deep", "sizing": "11mm", "sizing_mm": 11 * mm, "sizing_in": 0.4330708661417323 * inch, "ln_overall": 62.992 * mm, "wx_overall": 17.8054 * mm, "wy_overall": 17.8054 * mm, "wrench_end_diam": 17.1958 * mm, "drive_end_diam": 17.8054 * mm, "shoulder_ln": 29.9974 * mm, "wrench_dp": 18.9992 * mm, "bolt_clr_diam": 8.509 * mm, "wt": 0.073, "wt_lb": 0.16, "sku": "84334N", "upc": "099575000461", "url": "https://www.gearwrench.com/all-tools/ratchets-sockets/impact-products/84334n-38-drive-6-point-deep-impact-metric-socket-11mm", "img_url": "https://www.gearwrench.com/sites/gearwrench/files/styles/large/public/pim_images/GW_84334N_IMG-MAIN.jpg" },
              "12mm": { "title": "3/8in Drive 6 Point Deep Impact Metric Socket 12mm", "socket_kind": "socket_exthex", "drive_kind": "exthex", "unit_system": "metric", "sqdrive_size": "isq_0375in", "socket_variant": "impact", "reach_kind": "deep", "sizing": "12mm", "sizing_mm": 12 * mm, "sizing_in": 0.4724409448818898 * inch, "ln_overall": 62.992 * mm, "wx_overall": 18.796 * mm, "wy_overall": 18.796 * mm, "wrench_end_diam": 18.796 * mm, "drive_end_diam": 18.796 * mm, "shoulder_ln": 62.992 * mm, "wrench_dp": 23.0124 * mm, "bolt_clr_diam": 9.4996 * mm, "wt": 0.086, "wt_lb": 0.19, "sku": "84335N", "upc": "099575000478", "url": "https://www.gearwrench.com/all-tools/ratchets-sockets/impact-products/84335n-38-drive-6-point-deep-impact-metric-socket-12mm", "img_url": "https://www.gearwrench.com/sites/gearwrench/files/styles/large/public/pim_images/GW_84335N_IMG-MAIN.jpg" },
              "13mm": { "title": "3/8in Drive 6 Point Deep Impact Metric Socket 13mm", "socket_kind": "socket_exthex", "drive_kind": "exthex", "unit_system": "metric", "sqdrive_size": "isq_0375in", "socket_variant": "impact", "reach_kind": "deep", "sizing": "13mm", "sizing_mm": 13 * mm, "sizing_in": 0.5118110236220472 * inch, "ln_overall": 62.992 * mm, "wx_overall": 19.812 * mm, "wy_overall": 19.812 * mm, "wrench_end_diam": 19.812 * mm, "drive_end_diam": 19.812 * mm, "shoulder_ln": 62.992 * mm, "wrench_dp": 23.0124 * mm, "bolt_clr_diam": 9.4996 * mm, "wt": 0.095, "wt_lb": 0.21, "sku": "84336N", "upc": "099575000485", "url": "https://www.gearwrench.com/all-tools/ratchets-sockets/impact-products/84336n-38-drive-6-point-deep-impact-metric-socket-13mm", "img_url": "https://www.gearwrench.com/sites/gearwrench/files/styles/large/public/pim_images/GW_84336N_IMG-MAIN.jpg" },
              "14mm": { "title": "3/8in Drive 6 Point Deep Impact Metric Socket 14mm", "socket_kind": "socket_exthex", "drive_kind": "exthex", "unit_system": "metric", "sqdrive_size": "isq_0375in", "socket_variant": "impact", "reach_kind": "deep", "sizing": "14mm", "sizing_mm": 14 * mm, "sizing_in": 0.5511811023622047 * inch, "ln_overall": 62.992 * mm, "wx_overall": 21.7932 * mm, "wy_overall": 21.7932 * mm, "wrench_end_diam": 21.7932 * mm, "drive_end_diam": 21.7932 * mm, "shoulder_ln": 62.992 * mm, "wrench_dp": 23.0124 * mm, "bolt_clr_diam": 10.9982 * mm, "wt": 0.113, "wt_lb": 0.25, "sku": "84337N", "upc": "099575000492", "url": "https://www.gearwrench.com/all-tools/ratchets-sockets/impact-products/84337n-38-drive-6-point-deep-impact-metric-socket-14mm", "img_url": "https://www.gearwrench.com/sites/gearwrench/files/styles/large/public/pim_images/GW_84337N_IMG-MAIN.jpg" },
              "15mm": { "title": "3/8in Drive 6 Point Deep Impact Metric Socket 15mm", "socket_kind": "socket_exthex", "drive_kind": "exthex", "unit_system": "metric", "sqdrive_size": "isq_0375in", "socket_variant": "impact", "reach_kind": "deep", "sizing": "15mm", "sizing_mm": 15 * mm, "sizing_in": 0.5905511811023623 * inch, "ln_overall": 62.992 * mm, "wx_overall": 21.7932 * mm, "wy_overall": 21.7932 * mm, "wrench_end_diam": 21.7932 * mm, "drive_end_diam": 21.7932 * mm, "shoulder_ln": 62.992 * mm, "wrench_dp": 23.0124 * mm, "bolt_clr_diam": 10.9982 * mm, "wt": 0.109, "wt_lb": 0.24, "sku": "84338N", "upc": "099575000508", "url": "https://www.gearwrench.com/all-tools/ratchets-sockets/impact-products/84338n-38-drive-6-point-deep-impact-metric-socket-15mm", "img_url": "https://www.gearwrench.com/sites/gearwrench/files/styles/large/public/pim_images/GW_84338N_IMG-MAIN.jpg" },
              "16mm": { "title": "3/8in Drive 6 Point Deep Impact Metric Socket 16mm", "socket_kind": "socket_exthex", "drive_kind": "exthex", "unit_system": "metric", "sqdrive_size": "isq_0375in", "socket_variant": "impact", "reach_kind": "deep", "sizing": "16mm", "sizing_mm": 16 * mm, "sizing_in": 0.6299212598425197 * inch, "ln_overall": 62.992 * mm, "wx_overall": 23.7998 * mm, "wy_overall": 23.7998 * mm, "wrench_end_diam": 23.7998 * mm, "drive_end_diam": 23.7998 * mm, "shoulder_ln": 62.992 * mm, "wrench_dp": 23.0124 * mm, "bolt_clr_diam": 11.9888 * mm, "wt": 0.145, "wt_lb": 0.32, "sku": "84339N", "upc": "099575000515", "url": "https://www.gearwrench.com/all-tools/ratchets-sockets/impact-products/84339n-38-drive-6-point-deep-impact-metric-socket-16mm", "img_url": "https://www.gearwrench.com/sites/gearwrench/files/styles/large/public/pim_images/GW_84339N_IMG-MAIN.jpg" },
              "17mm": { "title": "3/8in Drive 6 Point Deep Impact Metric Socket 17mm", "socket_kind": "socket_exthex", "drive_kind": "exthex", "unit_system": "metric", "sqdrive_size": "isq_0375in", "socket_variant": "impact", "reach_kind": "deep", "sizing": "17mm", "sizing_mm": 17 * mm, "sizing_in": 0.6692913385826772 * inch, "ln_overall": 62.992 * mm, "wx_overall": 23.7998 * mm, "wy_overall": 23.7998 * mm, "wrench_end_diam": 23.7998 * mm, "drive_end_diam": 23.7998 * mm, "shoulder_ln": 62.992 * mm, "wrench_dp": 23.0124 * mm, "bolt_clr_diam": 12.3952 * mm, "wt": 0.15, "wt_lb": 0.33, "sku": "84340N", "upc": "099575000522", "url": "https://www.gearwrench.com/all-tools/ratchets-sockets/impact-products/84340n-38-drive-6-point-deep-impact-metric-socket-17mm", "img_url": "https://www.gearwrench.com/sites/gearwrench/files/styles/large/public/pim_images/GW_84340N_IMG-MAIN.jpg" },
              "18mm": { "title": "3/8in Drive 6 Point Deep Impact Metric Socket 18mm", "socket_kind": "socket_exthex", "drive_kind": "exthex", "unit_system": "metric", "sqdrive_size": "isq_0375in", "socket_variant": "impact", "reach_kind": "deep", "sizing": "18mm", "sizing_mm": 18 * mm, "sizing_in": 0.7086614173228347 * inch, "ln_overall": 62.992 * mm, "wx_overall": 25.8064 * mm, "wy_overall": 25.8064 * mm, "wrench_end_diam": 25.8064 * mm, "drive_end_diam": 25.8064 * mm, "shoulder_ln": 62.992 * mm, "wrench_dp": 23.0124 * mm, "bolt_clr_diam": 12.3952 * mm, "wt": 0.168, "wt_lb": 0.37, "sku": "84341N", "upc": "099575000539", "url": "https://www.gearwrench.com/all-tools/ratchets-sockets/impact-products/84341n-38-drive-6-point-deep-impact-metric-socket-18mm", "img_url": "https://www.gearwrench.com/sites/gearwrench/files/styles/large/public/pim_images/GW_84341N_IMG-MAIN.jpg" },
              "19mm": { "title": "3/8in Drive 6 Point Deep Impact Metric Socket 19mm", "socket_kind": "socket_exthex", "drive_kind": "exthex", "unit_system": "metric", "sqdrive_size": "isq_0375in", "socket_variant": "impact", "reach_kind": "deep", "sizing": "19mm", "sizing_mm": 19 * mm, "sizing_in": 0.7480314960629921 * inch, "ln_overall": 62.992 * mm, "wx_overall": 26.797 * mm, "wy_overall": 26.797 * mm, "wrench_end_diam": 26.797 * mm, "drive_end_diam": 26.797 * mm, "shoulder_ln": 62.992 * mm, "wrench_dp": 23.0124 * mm, "bolt_clr_diam": 15.0114 * mm, "wt": 0.168, "wt_lb": 0.37, "sku": "84342N", "upc": "099575000546", "url": "https://www.gearwrench.com/all-tools/ratchets-sockets/impact-products/84342n-38-drive-6-point-deep-impact-metric-socket-19mm", "img_url": "https://www.gearwrench.com/sites/gearwrench/files/styles/large/public/pim_images/GW_84342N_IMG-MAIN.jpg" },
              "21mm": { "title": "3/8in Drive 6 Point Deep Impact Metric Socket 21mm", "socket_kind": "socket_exthex", "drive_kind": "exthex", "unit_system": "metric", "sqdrive_size": "isq_0375in", "socket_variant": "impact", "reach_kind": "deep", "sizing": "21mm", "sizing_mm": 21 * mm, "sizing_in": 0.8267716535433072 * inch, "ln_overall": 62.992 * mm, "wx_overall": 29.7942 * mm, "wy_overall": 29.7942 * mm, "wrench_end_diam": 29.7942 * mm, "drive_end_diam": 29.7942 * mm, "shoulder_ln": 62.992 * mm, "wrench_dp": 23.0124 * mm, "bolt_clr_diam": 16.002 * mm, "wt": 0.218, "wt_lb": 0.48, "sku": "84343N", "upc": "099575000553", "url": "https://www.gearwrench.com/all-tools/ratchets-sockets/impact-products/84343n-38-drive-6-point-deep-impact-metric-socket-21mm", "img_url": "https://www.gearwrench.com/sites/gearwrench/files/styles/large/public/pim_images/GW_84343N_IMG-MAIN.jpg" },
              "22mm": { "title": "3/8in Drive 6 Point Deep Impact Metric Socket 22mm", "socket_kind": "socket_exthex", "drive_kind": "exthex", "unit_system": "metric", "sqdrive_size": "isq_0375in", "socket_variant": "impact", "reach_kind": "deep", "sizing": "22mm", "sizing_mm": 22 * mm, "sizing_in": 0.8661417322834646 * inch, "ln_overall": 62.992 * mm, "wx_overall": 31.8008 * mm, "wy_overall": 31.8008 * mm, "wrench_end_diam": 31.8008 * mm, "drive_end_diam": 31.8008 * mm, "shoulder_ln": 62.992 * mm, "wrench_dp": 23.0124 * mm, "bolt_clr_diam": 16.9926 * mm, "wt": 0.263, "wt_lb": 0.58, "sku": "84344N", "upc": "099575000560", "url": "https://www.gearwrench.com/all-tools/ratchets-sockets/impact-products/84344n-38-drive-6-point-deep-impact-metric-socket-22mm", "img_url": "https://www.gearwrench.com/sites/gearwrench/files/styles/large/public/pim_images/GW_84335N_IMG-MAIN.jpg" }
            }
          }
        }
      }
    }
  }
};

const SocketWrenchesByFamily = {
  "Bolt Socket, 6-Point Metric, 3/8 Sq.Dr, Impact, Deep":           SocketWrenches.socket_exthex.exthex.metric.isq_0375in.impact.deep,
  "Bolt Socket, 6-Point US, 1/4 Sq.Dr, Regular":                    SocketWrenches.socket_exthex.exthex.us.isq_0250in.std.reg
};

export enum SocketFamilyEnum {
  annotation { "Name": "Bolt Socket, 6-Point Metric, 3/8 Sq.Dr, Impact, Deep" }
  BOLT_SOCKET_6_POINT_METRIC_3_8_SQ_DR_IMPACT_DEEP,
  annotation { "Name": "Bolt Socket, 6-Point US, 1/4 Sq.Dr, Regular" }
  BOLT_SOCKET_6_POINT_US_1_4_SQ_DR_REGULAR
}"
`;

exports[`@flipshop/flipshop Sockets SocketWrenchesByFamily has expected sorted family keys 1`] = `
[
  "Bit Socket, Int Hex Metric, 1/2 Sq.Dr, Impact, Regular",
  "Bit Socket, Int Hex Metric, 1/2 Sq.Dr, Long",
  "Bit Socket, Int Hex Metric, 1/2 Sq.Dr, Medium",
  "Bit Socket, Int Hex Metric, 1/2 Sq.Dr, Regular",
  "Bit Socket, Int Hex Metric, 1/4 Sq.Dr, Regular",
  "Bit Socket, Int Hex Metric, 3/8 Sq.Dr, Ball End, Long",
  "Bit Socket, Int Hex Metric, 3/8 Sq.Dr, Ball End, Regular",
  "Bit Socket, Int Hex Metric, 3/8 Sq.Dr, Impact, Regular",
  "Bit Socket, Int Hex Metric, 3/8 Sq.Dr, Long",
  "Bit Socket, Int Hex Metric, 3/8 Sq.Dr, Medium",
  "Bit Socket, Int Hex Metric, 3/8 Sq.Dr, Regular",
  "Bit Socket, Int Hex US, 1/2 Sq.Dr, Impact, Regular",
  "Bit Socket, Int Hex US, 1/2 Sq.Dr, Long",
  "Bit Socket, Int Hex US, 1/2 Sq.Dr, Medium",
  "Bit Socket, Int Hex US, 1/2 Sq.Dr, Regular",
  "Bit Socket, Int Hex US, 1/4 Sq.Dr, Regular",
  "Bit Socket, Int Hex US, 3/8 Sq.Dr, Ball End, Long",
  "Bit Socket, Int Hex US, 3/8 Sq.Dr, Ball End, Regular",
  "Bit Socket, Int Hex US, 3/8 Sq.Dr, Impact, Regular",
  "Bit Socket, Int Hex US, 3/8 Sq.Dr, Long",
  "Bit Socket, Int Hex US, 3/8 Sq.Dr, Medium",
  "Bit Socket, Int Hex US, 3/8 Sq.Dr, Regular",
  "Bit Socket, Phillips, 3/8 Sq.Dr, Regular",
  "Bit Socket, Pozidriv, 3/8 Sq.Dr, Regular",
  "Bit Socket, Security Torx, 1/2 Sq.Dr, Regular",
  "Bit Socket, Security Torx, 1/4 Sq.Dr, Regular",
  "Bit Socket, Security Torx, 3/8 Sq.Dr, Regular",
  "Bit Socket, Torx, 1/2 Sq.Dr, Regular",
  "Bit Socket, Torx, 1/4 Sq.Dr, Long",
  "Bit Socket, Torx, 1/4 Sq.Dr, Regular",
  "Bit Socket, Torx, 3/8 Sq.Dr, Long",
  "Bit Socket, Torx, 3/8 Sq.Dr, Regular",
  "Bit Socket, Triple Sq. Metric, 1/2 Sq.Dr, X-Long",
  "Bit Socket, Triple Sq. Metric, 3/8 Sq.Dr, Long",
  "Bit Socket, Triple Sq. Metric, 3/8 Sq.Dr, X-Long",
  "Bolt Socket, 12-Point US, 1 Sq.Dr, Regular",
  "Bolt Socket, 12-Point US, 1/2 Sq.Dr, Deep",
  "Bolt Socket, 12-Point US, 1/2 Sq.Dr, Regular",
  "Bolt Socket, 12-Point US, 1/4 Sq.Dr, Deep",
  "Bolt Socket, 12-Point US, 1/4 Sq.Dr, Regular",
  "Bolt Socket, 12-Point US, 3/4 Sq.Dr, Regular",
  "Bolt Socket, 12-Point US, 3/8 Sq.Dr, Deep",
  "Bolt Socket, 12-Point US, 3/8 Sq.Dr, Regular",
  "Bolt Socket, 12-Point, 1/2 Sq.Dr, Deep",
  "Bolt Socket, 12-Point, 1/2 Sq.Dr, Regular",
  "Bolt Socket, 12-Point, 1/4 Sq.Dr, Deep",
  "Bolt Socket, 12-Point, 1/4 Sq.Dr, Regular",
  "Bolt Socket, 12-Point, 3/4 Sq.Dr, Regular",
  "Bolt Socket, 12-Point, 3/8 Sq.Dr, Deep",
  "Bolt Socket, 12-Point, 3/8 Sq.Dr, Regular",
  "Bolt Socket, 6-Point Metric, 1 Sq.Dr, Impact, Regular",
  "Bolt Socket, 6-Point Metric, 1/2 Sq.Dr, Deep",
  "Bolt Socket, 6-Point Metric, 1/2 Sq.Dr, Impact, Deep",
  "Bolt Socket, 6-Point Metric, 1/2 Sq.Dr, Impact, Regular",
  "Bolt Socket, 6-Point Metric, 1/2 Sq.Dr, Impact, U-Joint Regular",
  "Bolt Socket, 6-Point Metric, 1/2 Sq.Dr, Regular",
  "Bolt Socket, 6-Point Metric, 1/4 Sq.Dr, Deep",
  "Bolt Socket, 6-Point Metric, 1/4 Sq.Dr, Impact, Deep",
  "Bolt Socket, 6-Point Metric, 1/4 Sq.Dr, Impact, Regular",
  "Bolt Socket, 6-Point Metric, 1/4 Sq.Dr, Medium",
  "Bolt Socket, 6-Point Metric, 1/4 Sq.Dr, Regular",
  "Bolt Socket, 6-Point Metric, 1/4 Sq.Dr, U-Joint Regular",
  "Bolt Socket, 6-Point Metric, 3/4 Sq.Dr, Deep",
  "Bolt Socket, 6-Point Metric, 3/4 Sq.Dr, Impact, Deep",
  "Bolt Socket, 6-Point Metric, 3/4 Sq.Dr, Impact, Regular",
  "Bolt Socket, 6-Point Metric, 3/8 Sq.Dr, Deep",
  "Bolt Socket, 6-Point Metric, 3/8 Sq.Dr, Impact, Deep",
  "Bolt Socket, 6-Point Metric, 3/8 Sq.Dr, Impact, Regular",
  "Bolt Socket, 6-Point Metric, 3/8 Sq.Dr, Impact, U-Joint Extended",
  "Bolt Socket, 6-Point Metric, 3/8 Sq.Dr, Impact, U-Joint Regular",
  "Bolt Socket, 6-Point Metric, 3/8 Sq.Dr, Medium",
  "Bolt Socket, 6-Point Metric, 3/8 Sq.Dr, Regular",
  "Bolt Socket, 6-Point Metric, 3/8 Sq.Dr, U-Joint Regular",
  "Bolt Socket, 6-Point US, 1 Sq.Dr, Impact, Deep",
  "Bolt Socket, 6-Point US, 1 Sq.Dr, Impact, Regular",
  "Bolt Socket, 6-Point US, 1/2 Sq.Dr, Deep",
  "Bolt Socket, 6-Point US, 1/2 Sq.Dr, Impact, Deep",
  "Bolt Socket, 6-Point US, 1/2 Sq.Dr, Impact, Regular",
  "Bolt Socket, 6-Point US, 1/2 Sq.Dr, Impact, U-Joint Regular",
  "Bolt Socket, 6-Point US, 1/2 Sq.Dr, Regular",
  "Bolt Socket, 6-Point US, 1/4 Sq.Dr, Deep",
  "Bolt Socket, 6-Point US, 1/4 Sq.Dr, Impact, Deep",
  "Bolt Socket, 6-Point US, 1/4 Sq.Dr, Impact, Regular",
  "Bolt Socket, 6-Point US, 1/4 Sq.Dr, Medium",
  "Bolt Socket, 6-Point US, 1/4 Sq.Dr, Regular",
  "Bolt Socket, 6-Point US, 1/4 Sq.Dr, U-Joint Regular",
  "Bolt Socket, 6-Point US, 3/4 Sq.Dr, Deep",
  "Bolt Socket, 6-Point US, 3/4 Sq.Dr, Impact, Deep",
  "Bolt Socket, 6-Point US, 3/4 Sq.Dr, Impact, Regular",
  "Bolt Socket, 6-Point US, 3/8 Sq.Dr, Deep",
  "Bolt Socket, 6-Point US, 3/8 Sq.Dr, Impact, Deep",
  "Bolt Socket, 6-Point US, 3/8 Sq.Dr, Impact, Regular",
  "Bolt Socket, 6-Point US, 3/8 Sq.Dr, Impact, U-Joint Regular",
  "Bolt Socket, 6-Point US, 3/8 Sq.Dr, Medium",
  "Bolt Socket, 6-Point US, 3/8 Sq.Dr, Regular",
  "Bolt Socket, 6-Point US, 3/8 Sq.Dr, U-Joint Regular",
  "Socket Adapter, US, 1 Sq.Dr, Impact",
  "Socket Adapter, US, 1/2 Sq.Dr, Impact",
  "Socket Adapter, US, 1/4 Sq.Dr, Impact",
  "Socket Adapter, US, 3/4 Sq.Dr, Impact",
  "Socket Adapter, US, 3/8 Sq.Dr, Impact",
  "Socket Extension, US, 1 Sq.Dr, Impact",
  "Socket Extension, US, 1/2 Sq.Dr",
  "Socket Extension, US, 1/2 Sq.Dr, Impact",
  "Socket Extension, US, 1/4 Sq.Dr, Impact",
  "Socket Extension, US, 3/4 Sq.Dr, Impact",
  "Socket Extension, US, 3/8 Sq.Dr, Impact",
  "Socket U-Joint, US, 1 Sq.Dr, Impact",
  "Socket U-Joint, US, 1/2 Sq.Dr, Impact",
  "Socket U-Joint, US, 1/4 Sq.Dr, Impact",
  "Socket U-Joint, US, 3/4 Sq.Dr, Impact",
  "Socket U-Joint, US, 3/8 Sq.Dr, Impact",
  "Spark Plug Socket, 6-Point US, 3/8 Sq.Dr, Regular",
  "Star Socket, Ext Torx, 1/2 Sq.Dr, Regular",
  "Star Socket, Ext Torx, 1/4 Sq.Dr, Deep",
  "Star Socket, Ext Torx, 1/4 Sq.Dr, Regular",
  "Star Socket, Ext Torx, 3/8 Sq.Dr, Regular",
]
`;

exports[`@flipshop/flipshop Sockets has expected contents 1`] = `
SocketWrench {
  "bit_kind": "inthex",
  "bit_ln": 125.0188,
  "bit_ln_total": 133.985,
  "drive_end_diam": 19.05,
  "drive_kind": "inthex",
  "img_url": "https://www.gearwrench.com/sites/gearwrench/files/styles/large/public/pim_images/GW_80436_FRNT_MAIN.jpg",
  "ln_overall": 151.9936,
  "nose_diam": 19.05,
  "reach_kind": "long",
  "sizing": "10mm",
  "sizing_in": 0.3937007874015748,
  "sizing_mm": 10,
  "sku": "80448",
  "socket_kind": "socket_bit",
  "socket_variant": "ball",
  "sqdrive_size": "isq_0375in",
  "title": "3/8in Drive Long Ball End Hex Bit Metric Socket 10mm",
  "unit_system": "metric",
  "upc": "099575804489",
  "url": "https://www.gearwrench.com/all-tools/ratchets-sockets/chrome-sockets/80448-38-drive-long-ball-end-hex-bit-metric-socket-10mm",
  "wt": 0.082,
  "wt_lb": 0.18,
  "wx_overall": 19.05,
  "wy_overall": 19.05,
}
`;
